Microsoft (R) Macro Assembler Version 5.00                  4/8/17 10:56:19
                                                             Page     1-1


				assume cs:code  
				 
				 
 0000				code segment 
				 
 0000				start: 
 0000  8C C8				mov ax,cs 
 0002  8E D8				mov ds,ax  
 0004  BE 002D R			mov si,offset begin 
 0007  B8 0000				mov ax,0 
 000A  8E C0				mov es,ax  
 000C  BF 0204				mov di,204h 
 000F  B9 00B5				mov cx,offset beginend-offset begin  
 0012  FC				cld 
 0013  F3/ A4				rep movsb 
					 
					 
 0015  B8 0000				mov ax,0 
 0018  8E C0				mov es,ax  
 001A  26: C7 06 01F0 0200		mov word ptr es:[7ch*4],200h 
 0021  26: C7 06 01F2 0000		mov word ptr es:[7ch*4+2],0 
					 
					 
					 
 0028  B8 4C00				mov ax,4c00h 
 002B  CD 21				int 21h 
					 
					 
					  
					 
					 
					 
 002D				begin: 
 002D  E8 0033 R			call choose 
					 
 0030  E9 00E1 R			jmp ok 
					 
				 
					 
					 
					 
				;;;;;;;;;;;;;;;;;;;;;;;;;;;;;;;;;;;;;;;	 
					 
					 
					 
 0033				choose: 
				 
				 
 0033  EB 09 90			    jmp chse 
 0036  0051 R 006C R 008A R		fun dw fun0,fun1,fun2,fun3 
       00AC R			
					 
 003E					chse: 
					 
Microsoft (R) Macro Assembler Version 5.00                  4/8/17 10:56:19
                                                             Page     1-2


 003E  53				push bx 
 003F  80 FC 03				cmp ah,3 
 0042  77 0B				ja chseret 
 0044  8A DC				mov bl,ah  
 0046  B7 00				mov bh,0 
 0048  03 DB				add bx,bx  
					 
 004A  2E: FF 97 0036 R			call word ptr fun[bx] 
 004F					chseret: 
 004F  5B				pop bx  
 0050  C3				ret	 
				 
					 
				 
					 
					;;;;;;;;;;;;;;;;;;;;;;;;;;;;;;;;;;;;;; 
					 
 0051				fun0: 
 0051  53					push bx 
 0052  51					push cx  
 0053  06					push es  
 0054  BB B800					mov bx,0b800h 
 0057  8E C3					mov es,bx  
 0059  BB 0000					mov bx,0  
 005C  B9 07D0					mov cx,2000 
 005F					s0: 
 005F  26: C6 07 20				mov byte ptr es:[bx],' ' 
 0063  83 C3 02					add bx,2  
 0066  E2 F7					loop s0  
 0068  07					pop es  
 0069  59					pop cx  
 006A  5B					pop bx  
 006B  C3					ret  
						 
					;;;;;;;;;;;;;;;;;;;;;;;;;;;;;;;;;;;;;;;
				;;;;;;;;	 
						 
 006C				fun1: 
				 
 006C  53					push bx  
 006D  51					push cx  
 006E  06					push es  
						 
 006F  BB B800					mov bx,0b800h 
 0072  8E C3					mov es,bx  
 0074  BB 0001					mov bx,1 
 0077  B9 07D0					mov cx,2000 
 007A					s1: 
 007A  26: 80 27 F8				and byte ptr es:[bx],11111000b 
 007E  26: 08 07				or es:[bx],al  
 0081  83 C3 02					add bx,2  
 0084  E2 F4					loop s1  
						 
 0086  07					pop es  
Microsoft (R) Macro Assembler Version 5.00                  4/8/17 10:56:19
                                                             Page     1-3


 0087  59					pop cx  
 0088  5B					pop bx  
 0089  C3					ret  
					;;;;;;;;;;;;;;;;;;;;;;;;;;;;;;;;;;;;;;;
				;;;;; 
						 
 008A				fun2: 
 008A  53					push bx  
 008B  51					push cx  
 008C  06					push es  
						 
						 
 008D  B1 04					mov cl,4  
 008F  D2 E0					shl al,cl  
 0091  BB B800					mov bx,0b800h 
 0094  8E C3					mov es,bx  
 0096  BB 0001					mov bx,1  
 0099  B9 07D0					mov cx,2000 
 009C					s2: 
 009C  26: 80 27 8F				and byte ptr es:[bx],10001111b 
 00A0  26: 08 07				or es:[bx],al  
 00A3  83 C3 02					add bx,2  
 00A6  E2 F4					loop s2  
						 
 00A8  07					pop es  
 00A9  59					pop cx  
 00AA  5B					pop bx  
 00AB  C3					ret  
						 
					;;;;;;;;;;;;;;;;;;;;;;;;;;;;;;;;;;;
					 
 00AC				fun3: 
 00AC  51					push cx  
 00AD  56					push si 
 00AE  57					push di  
 00AF  06					push es  
 00B0  1E					push ds  
						 
						 
 00B1  BE B800					mov si,0b800h 
 00B4  8E C6					mov es,si  
 00B6  8E DE					mov ds,si  
 00B8  BE 00A0					mov si,160 
 00BB  BF 0000					mov di,0  
 00BE  FC					cld  
 00BF  B9 0018					mov cx,24 
 00C2					s3: 
 00C2  51					push cx  
 00C3  B9 00A0					mov cx,160 
 00C6  F3/ A4					rep movsb 
						 
 00C8  59					pop cx  
 00C9  E2 F7					loop s3 
						 
Microsoft (R) Macro Assembler Version 5.00                  4/8/17 10:56:19
                                                             Page     1-4


 00CB  B9 0050					mov cx,80 
 00CE  BE 0000					mov si,0  
 00D1					clear: 
 00D1  C6 84 0F00 20				mov byte ptr ds:[160*24+si],' '
				 
 00D6  83 C6 02					add si,2  
 00D9  E2 F6					loop clear  
						 
						 
 00DB  1F					pop ds  
 00DC  07					pop es  
 00DD  5F					pop di  
 00DE  5E					pop si  
 00DF  59					pop cx  
 00E0  C3					ret  
						 
					;;;;;;;;;;;;;;;;;;;;;;;;;;;;;;;;;;;;;;;
				;;;;;;;;	 
						 
 00E1					ok: 
 00E1  CF				iret 
						 
 00E2				beginend: 
 00E2  90				nop 
							 
						 
						 
						 
						 
						 
						 
						 
						 
						 
						 
						 
						 
						 
						 
						 
						 
						 
					 
				 
				 
				 
				 
				 
				 
				 
 00E3				code ends  
				end start  
Microsoft (R) Macro Assembler Version 5.00                  4/8/17 10:56:19
                                                             Symbols-1


Segments and Groups:

                N a m e         	Length	 Align	Combine Class

CODE . . . . . . . . . . . . . .  	00E3	PARA	NONE	

Symbols:            

                N a m e         	Type	 Value	 Attr

BEGIN  . . . . . . . . . . . . .  	L NEAR	002D	CODE
BEGINEND . . . . . . . . . . . .  	L NEAR	00E2	CODE

CHOOSE . . . . . . . . . . . . .  	L NEAR	0033	CODE
CHSE . . . . . . . . . . . . . .  	L NEAR	003E	CODE
CHSERET  . . . . . . . . . . . .  	L NEAR	004F	CODE
CLEAR  . . . . . . . . . . . . .  	L NEAR	00D1	CODE

FUN  . . . . . . . . . . . . . .  	L WORD	0036	CODE
FUN0 . . . . . . . . . . . . . .  	L NEAR	0051	CODE
FUN1 . . . . . . . . . . . . . .  	L NEAR	006C	CODE
FUN2 . . . . . . . . . . . . . .  	L NEAR	008A	CODE
FUN3 . . . . . . . . . . . . . .  	L NEAR	00AC	CODE

OK . . . . . . . . . . . . . . .  	L NEAR	00E1	CODE

S0 . . . . . . . . . . . . . . .  	L NEAR	005F	CODE
S1 . . . . . . . . . . . . . . .  	L NEAR	007A	CODE
S2 . . . . . . . . . . . . . . .  	L NEAR	009C	CODE
S3 . . . . . . . . . . . . . . .  	L NEAR	00C2	CODE
START  . . . . . . . . . . . . .  	L NEAR	0000	CODE

@FILENAME  . . . . . . . . . . .  	TEXT  163		


    208 Source  Lines
    208 Total   Lines
     20 Symbols

  50964 + 465580 Bytes symbol space free

      0 Warning Errors
      0 Severe  Errors
